./anonstnbad.svx:1:6: Character "." not allowed in station name (use *SET NAMES to set allowed characters)
./anonstnbad.svx:2:6: Character "." not allowed in station name (use *SET NAMES to set allowed characters)
./anonstnbad.svx:3:6: Character "." not allowed in station name (use *SET NAMES to set allowed characters)
./anonstnbad.svx:5:6: Can't have a leg between two anonymous stations
./anonstnbad.svx:6:7: Can't have a leg between two anonymous stations
./anonstnbad.svx:7:5: Can't have a leg between two anonymous stations

Removing trailing traverses...

Concatenating traverses between nodes...

Simplifying network...

Calculating network...

Calculating traverses between nodes...

Calculating trailing traverses...
./anonstnbad.svx:4: warning: Unused fixed point "1"

Calculating statistics...

Survey contains 1 survey station, joined by 0 legs.
There are 0 loops.
Total length of survey legs =    0.00m (   0.00m adjusted)
Total plan length of survey legs =    0.00m
Total vertical length of survey legs =    0.00m
   1 0-node.
Done.
There were 1 warning(s) and 6 error(s) - no output files produced.
