./back.svx:16: warning: CLINO reading and BACKCLINO reading disagree by 4grd
./back.svx:17: warning: CLINO reading and BACKCLINO reading disagree by 2.5grd

Removing trailing traverses...

Concatenating traverses...

Simplifying network...

Calculating network...

Calculating traverses...

Calculating trailing traverses...

Calculating statistics...

Survey contains 15 survey stations, joined by 14 legs.
There is 1 loop.
Survey has 2 connected components.
Total length of survey legs =   88.00m (  88.00m adjusted)
Total plan length of survey legs =   62.79m
Total vertical length of survey legs =   40.50m
Vertical range = 36.50m (from max at 36.00m to e at -0.50m)
North-South range = 12.00m (from max at 12.00m to 1 at 0.00m)
East-West range = 9.00m (from max at 9.00m to z at 0.00m)
  14 1-nodes.
   1 14-node.
There were 2 warning(s).
