./bad_units_factor.svx:3:14: *UNITS factor must be non-zero
./bad_units_factor.svx:4:17: *UNITS factor must be non-zero
./bad_units_factor.svx:5:15: *UNITS factor must be non-zero
./bad_units_factor.svx:6:15: *UNITS factor must be non-zero
./bad_units_factor.svx:7:18: *UNITS factor must be non-zero
./bad_units_factor.svx:8:19: *UNITS factor must be non-zero

Removing trailing traverses...

Concatenating traverses...

Simplifying network...

Calculating network...

Calculating traverses...

Calculating trailing traverses...

Calculating statistics...

Survey contains 1 survey station, joined by 0 legs.
There are 0 loops.
Total length of survey legs =    0.00m (   0.00m adjusted)
Total plan length of survey legs =    0.00m
Total vertical length of survey legs =    0.00m
   1 0-node.
There were 0 warning(s) and 6 error(s) - no output files produced.
