In file included from ./badinc3.svx:3:
In file included from ./badinc2.svx:3:
./badinc.svx:3: Couldn't open file "nonexistent_file"
cavern: No survey data
