./badinc.svx:2: Couldn't open data file "nonexistent_file"
cavern: No survey data
