./calibrate_clino.svx:7: warning: Clino reading over 90 degrees (absolute value)
./calibrate_clino.svx:8: warning: Clino reading over 90 degrees (absolute value)
./calibrate_clino.svx:9: warning: Clino reading over 90 degrees (absolute value)
./calibrate_clino.svx:10: warning: Clino reading over 90 degrees (absolute value)
./calibrate_clino.svx:17: warning: Clino reading over 90 degrees (absolute value)
./calibrate_clino.svx:18: warning: Clino reading over 90 degrees (absolute value)
./calibrate_clino.svx:25: warning: Clino reading over 90 degrees (absolute value)
./calibrate_clino.svx:26: warning: Clino reading over 90 degrees (absolute value)

Removing trailing traverses...

Concatenating traverses...

Simplifying network...

Solving one equation...

Calculating network...

Calculating traverses...

Calculating trailing traverses...

Calculating statistics...

Survey contains 18 survey stations, joined by 20 legs.
There are 3 loops.
Total length of survey legs =  200.00m ( 191.58m adjusted)
Total plan length of survey legs =   50.99m
Total vertical length of survey legs =  151.21m
Vertical range = 20.00m (from u at 10.00m to d__ at -10.00m)
North-South range = 10.00m (from 2__ at 10.00m to 1 at 0.00m)
East-West range = 19.94m (from z at 9.95m to y at -10.00m)
  13 1-nodes.
   3 2-nodes.
   1 6-node.
   1 15-node.
Done.
There were 8 warning(s).
